../Core/Src/main.c:59:5:__io_putchar	16	static
../Core/Src/main.c:65:6:print_continuously	16	static
../Core/Src/main.c:80:6:print_again	32	static
../Core/Src/main.c:91:6:jumpAssembly	16	static,ignoring_inline_asm
../Core/Src/main.c:96:6:print_hello	4	static,ignoring_inline_asm
../Core/Src/main.c:101:6:print_world	4	static,ignoring_inline_asm
../Core/Src/main.c:106:6:first_thread	4	static,ignoring_inline_asm
../Core/Src/main.c:121:5:main	24	static
../Core/Src/main.c:188:6:SystemClock_Config	88	static
../Core/Src/main.c:235:13:MX_USART2_UART_Init	8	static
../Core/Src/main.c:268:13:MX_GPIO_Init	48	static
../Core/Src/main.c:304:6:Error_Handler	4	static,ignoring_inline_asm
